// Jest Snapshot v1, https://goo.gl/fbAQLP

exports[`matches snapshot 1`] = `
<div
  className="table-wrapper border rounded-1 "
  data-testid="dataTableDetail-1"
>
  <table
    className="fs-esm  table"
  >
    <thead
      className="bg-white"
    >
      <tr>
        <th
          className="table-header"
        >
          Column name
        </th>
        <th
          className="table-header"
        >
          Description
        </th>
      </tr>
    </thead>
    <tbody
      className=""
    />
  </table>
</div>
`;
