// Jest Snapshot v1, https://goo.gl/fbAQLP

exports[`matches snapshot 1`] = `
<div
  className="top-nav ps-4 pe-4 d-flex justify-content-start align-items-center border-bottom row"
  data-testid="navbar-1"
>
  <div
    className="ps-0  col"
  >
    <div
      className="rounded-2 d-inline-flex  justify-content-center  align-items-center top-nav__back-arrow"
    >
      <svg
        color="#1276ff"
        fill="currentColor"
        height="1em"
        stroke="currentColor"
        strokeWidth="0"
        style={
          Object {
            "color": "#1276ff",
          }
        }
        viewBox="0 0 24 24"
        width="1em"
        xmlns="http://www.w3.org/2000/svg"
      >
        <path
          d="M13.293 6.293 7.586 12l5.707 5.707 1.414-1.414L10.414 12l4.293-4.293z"
        />
      </svg>
    </div>
    <span
      className="top-nav__title fw-bold fs-4 line-height-lg ps-2"
    >
      title
    </span>
  </div>
  <div
    className="col"
  >
    <div
      className="input-group  input-group-sm"
    >
      <span
        className="input-group-text bg-transparent"
      >
        <svg
          color="gray"
          fill="none"
          height="1.5em"
          stroke="currentColor"
          strokeLinecap="round"
          strokeLinejoin="round"
          strokeWidth="2"
          style={
            Object {
              "color": "gray",
            }
          }
          viewBox="0 0 24 24"
          width="1.5em"
          xmlns="http://www.w3.org/2000/svg"
        >
          <circle
            cx="11"
            cy="11"
            r="8"
          />
          <line
            x1="21"
            x2="16.65"
            y1="21"
            y2="16.65"
          />
        </svg>
      </span>
      <input
        aria-label="Search datasets"
        className="form-control border-start-0 top-nav__search"
        placeholder="Search datasets"
        type="text"
      />
    </div>
  </div>
</div>
`;
